Ôû▓ Next.js 16.1.3 (Turbopack)

bunx.exe : ÔÜá The "middleware" file convention is 
deprecated. Please use "proxy" instead. Learn more: 
https://nextjs.org/docs/messages/middleware-to-proxy
En C:\Users\jhony\AppData\Roaming\npm\bunx.ps1: 14 
Carácter: 3
+   & "$basedir/node_modules/bun/bin/bunx.exe"   $args
+   ~~~~~~~~~~~~~~~~~~~~~~~~~~~~~~~~~~~~~~~~~~~~~~~~~~
    + CategoryInfo          : NotSpecified: (ÔÜá The "m 
   iddle...leware-to-proxy:String) [], RemoteException
    + FullyQualifiedErrorId : NativeCommandError
 
  Creating an optimized production build ...
Ô£ô Compiled successfully in 4.0s
  Skipping validation of types
  Collecting page data using 15 workers ...
  Generating static pages using 15 workers (0/34) ...
  Generating static pages using 15 workers (8/34) 
  Generating static pages using 15 workers (16/34) 
  Generating static pages using 15 workers (25/34) 
Error occurred prerendering page "/marcas". Read more: 
https://nextjs.org/docs/messages/prerender-error
Error [PrismaClientInitializationError]: 
Invalid `prisma.brand.findMany()` invocation:


error: Environment variable not found: DATABASE_URL.
  -->  schema.prisma:10
   | 
 9 |   provider = "postgresql"
10 |   url      = env("DATABASE_URL")
   | 

Validation Error Count: 1
    at <unknown> (-->  schema.prisma:10)
    at async j (X:\Proyectos\Compusum\.next\server\chunk
s\ssr\[root-of-the-server]__25b3333f._.js:1:12548) {
  clientVersion: '6.19.2',
  errorCode: undefined,
  retryable: undefined,
  digest: '1285653328'
}
Export encountered an error on /marcas/page: /marcas, 
exiting the build.
Ô¿» Next.js build worker exited with code: 1 and 
signal: null
